// Jest Snapshot v1, https://goo.gl/fbAQLP

exports[`working 1`] = `
<div>
  Here
</div>
`;
